{"NavBar renders the NavBar correctly: src/components/navBar/navBar.tsx":{"allMarkdownRemark":{"edges":[{"node":{"fields":{"slug":"/"},"frontmatter":{"title":""}}},{"node":{"fields":{"slug":"/now/"},"frontmatter":{"title":"Now"}}},{"node":{"fields":{"slug":"/thestart/"},"frontmatter":{"title":"The Start"}}},{"node":{"fields":{"slug":"/workinglife/"},"frontmatter":{"title":"Working Life"}}},{"node":{"fields":{"slug":"/eureka/"},"frontmatter":{"title":"Eureka"}}},{"node":{"fields":{"slug":"/learning/"},"frontmatter":{"title":"Learning"}}},{"node":{"fields":{"slug":"/projects/"},"frontmatter":{"title":"Projects"}}},{"node":{"fields":{"slug":"/future/"},"frontmatter":{"title":"The Future"}}},{"node":{"fields":{"slug":"/contact/"},"frontmatter":{"title":"Contact Me"}}}]}}}