{"BookFrontCover renders a page correctly: index":{"allMarkdownRemark":{"edges":[{"node":{"frontmatter":{"jobTitle":"I am a Junior Developer","greeting":"Hi I'm Joseph Jones","careerAim":"I'm looking for my first job as a Full-Stack Developer","date":"04 May 2019","image":{"childImageSharp":{"fluid":{"base64":"data:image/png;base64,iVBORw0KGgoAAAANSUhEUgAAABQAAAAWCAYAAADAQbwGAAAACXBIWXMAAAsTAAALEwEAmpwYAAAEqklEQVQ4y42UCUxURxjH94AtiEqrtgUKRQyKggLLsSz3Zbcih9xt5VxAxCxFu8qxYsUrNbamUFRqGsAmFhaKJg0QQk1jLVVA5V7UIqRW0kiQQopRrt03/85sgDZqWyb5v3lv3je/fNcMj/fiEMzPflQ/Uz2kaqYKYYtXTmXzljz4fB5//tVWZCCcXrHMCEYiA7xiaABjkSFMjERK9vN10+WCpTIN5sEn6AQXW6uZ3WE+JG2b51xGiBdCPRz+pOvLmc0aUxP+UoDC+bmaAQOdN2gpjMT4OpO9UQFcrJ+YeRrHDDJDvZccubFQIGil4cHe2ky3xcaCiG0tid8WW7LR6k0WfgO1MV3I0lKARtJNa3/ZGeSGlHc8tNslDgiXbiZhHpt1FIp15mvOMyNlbND/w2iI+mRvsHwjLtbP+cm+6EAG5eyoZ7RIs2avrcBbq01PMxvzVSsN/t0lkXDx3cvBxnA+nb4JQe7IifLHu26bOImdNbzsbSAU8PU5fHW5sfClsAK5VD9bm6/kY6ho0eiMKjhHvt0N7/u7czuDXEFDnrB/2yJFX5BwD30kyiT3l3vo72r1z74yP5As2delTtX21qYha4dUl7xVikSZeGxvsqPLgtF2n3X6HAro09nJibcnK4snT03l8XzFlgsws5Mf+l+4XZUyiX4V/vgxB8PNe7ibF5MQJnHkitID0Fcnh/pkhJraWrANX5UVGwIQUPHnteiVaUVRyD0MHQZ6C5i06FMRCkfzuXiSEeGC+pIYDv0HOQwfw5n84O//s7qJoQ6F0KjAdeVN919KJ5q6NDJzcz9BTz7hOvNI37dyMt2+H+jO56Ap4JrLPpgNDY/Krq76JqemRn2uob6+rqWl5XpFRUWDvjkvngjrwSD1ridf112TSn6q2Enmbuey70XN3Mol6M9H33dKMjBwn3A6HZ4f7e3tvQzoREMjuFvINpKRH7KZd3oI9Ri6TqoOBldhrk1B2prK2F5CxYhz4+PjWjrPsMXy8nI1LzJw/d6nrUpg4JD2xoUE8uiKgtD8QauH0HzeOQjcZSrEkxYF6bl1dQFIRkZGSI26mjweHWVQFBUdPsIryQ1qwvBR0GTrms7GYag+E3hwhIJUeNr6EX5tyELV8Ujsi/dEaUE4xkYfET2RjomJCa6nu1s3NfVsdnJyErsyMqJ5aRHih5c/iwEtBFf7aQTpoJVt+zoF5wtCkSATIzFIglhfCXztrLA7IW4hXeT5/A0ODoL2pCNP5uJwOmWrJ70AtswlyVxJVrgX5DJPEuvthmDxRhzbFYAvTypRVlqKmtpLZPj3EaLRaNB64/p0Y2Pj8IXKyt6S4uJr2QrFcf19Gu3j9IkyJhDZO/ynFBH+XJrMm0sMlnCnFDLuemUi91tTFqfrzOU09QdIb30BKVVFaiOkjthgZlpHAaIXetDdzjqEXpagFyjSt3nieGYwutRy4P4h3LmcjrGrOcA92gF9tEgPCnHl7HskKVgK8Xqrz9l+Gq2QnRZCuL+Pb4DjenmIxF7dVBr/iDbuKAU81nXkjY1fyxmjp2acNvcE7ctJDHz8rPGL+CnL1avUIhHfnO01WWbMt1lrvcj6C4qMvzd6xmdMAAAAAElFTkSuQmCC","aspectRatio":0.8928571428571429,"src":"/static/1e0d5063347ac46ac94f97c07aac8a41/37d5a/open-peeps.png","srcSet":"/static/1e0d5063347ac46ac94f97c07aac8a41/5acf8/open-peeps.png 75w,\n/static/1e0d5063347ac46ac94f97c07aac8a41/95f17/open-peeps.png 150w,\n/static/1e0d5063347ac46ac94f97c07aac8a41/37d5a/open-peeps.png 300w,\n/static/1e0d5063347ac46ac94f97c07aac8a41/125bc/open-peeps.png 358w","sizes":"(max-width: 300px) 100vw, 300px"}}}},"html":""}}]}}}